[i] CDP chart target: ws://127.0.0.1:9222/devtools/page/A3376578ECB6D2369653696641B6A5D2
[i] watchlist: C:\daniel\_workspace\github\TradingView\watchlist\GPW_NC.txt -> 416 symbols
[i] output CSV: C:\daniel\_workspace\github\TradingView\analysis\GPW_NC_ETSB_20261009.csv
[1/416] GPW:AQU (NEWCONNECT) ... OK (21 signals) [1.8s]
[2/416] GPW:BAC (NEWCONNECT) ... OK (21 signals) [1.6s]
[3/416] GPW:BEP (NEWCONNECT) ... OK (21 signals) [2.3s]
[4/416] GPW:CST (NEWCONNECT) ... OK (21 signals) [1.7s]
[5/416] GPW:DFH (NEWCONNECT) ... OK (21 signals) [1.5s]
[6/416] GPW:DTX (NEWCONNECT) ... OK (21 signals) [1.5s]
[7/416] GPW:EGY (NEWCONNECT) ... OK (21 signals) [1.7s]
[8/416] GPW:EXC (NEWCONNECT) ... OK (21 signals) [1.5s]
[9/416] GPW:F51 (NEWCONNECT) ... OK (21 signals) [2.1s]
[10/416] GPW:HOR (NEWCONNECT) ... OK (21 signals) [1.5s]
[11/416] GPW:HPM (NEWCONNECT) ... OK (21 signals) [2.2s]
[12/416] GPW:KLE (NEWCONNECT) ... OK (21 signals) [1.5s]
[13/416] GPW:KLK (NEWCONNECT) ... OK (21 signals) [1.4s]
[14/416] GPW:KMB (NEWCONNECT) ... OK (21 signals) [2.8s]
[15/416] GPW:LET (NEWCONNECT) ... OK (21 signals) [3.3s]
[16/416] GPW:MLM (NEWCONNECT) ... OK (21 signals) [2.8s]
[17/416] GPW:MNS (NEWCONNECT) ... OK (21 signals) [2.1s]
[18/416] GPW:MO2 (NEWCONNECT) ... OK (21 signals) [2.1s]
[19/416] GPW:NOV (NEWCONNECT) ... OK (21 signals) [2.8s]
[20/416] GPW:PGG (NEWCONNECT) ... OK (21 signals) [2.8s]
[21/416] GPW:RGL (NEWCONNECT) ... OK (21 signals) [2.0s]
[22/416] GPW:SBE (NEWCONNECT) ... OK (21 signals) [2.7s]
[23/416] GPW:SEV (NEWCONNECT) ... OK (21 signals) [2.0s]
[24/416] GPW:SFD (NEWCONNECT) ... OK (21 signals) [2.2s]
[25/416] GPW:SYG (NEWCONNECT) ... OK (21 signals) [2.1s]
[26/416] GPW:SGD (NEWCONNECT) ... OK (21 signals) [1.4s]
[27/416] GPW:TCR (NEWCONNECT) ... OK (21 signals) [2.1s]
[28/416] GPW:VEE (NEWCONNECT) ... OK (21 signals) [2.1s]
[29/416] GPW:VLT (NEWCONNECT) ... OK (21 signals) [2.0s]
[30/416] GPW:XDD (NEWCONNECT) ... OK (21 signals) [2.2s]
[31/416] GPW:ZRX (NEWCONNECT) ... OK (21 signals) [2.7s]
[32/416] GPW:ALR (GPW-BANKI) ... OK (21 signals) [2.2s]
[33/416] GPW:BHW (GPW-BANKI) ... OK (21 signals) [2.2s]
[34/416] GPW:BNP (GPW-BANKI) ... OK (21 signals) [2.2s]
[35/416] GPW:BOS (GPW-BANKI) ... OK (21 signals) [2.4s]
[36/416] GPW:GTN (GPW-BANKI) ... OK (21 signals) [3.1s]
[37/416] GPW:ING (GPW-BANKI) ... OK (21 signals) [2.9s]
[38/416] GPW:MBK (GPW-BANKI) ... OK (21 signals) [2.2s]
[39/416] GPW:MIL (GPW-BANKI) ... OK (21 signals) [2.8s]
[40/416] GPW:PEO (GPW-BANKI) ... OK (21 signals) [2.5s]
[41/416] GPW:PKO (GPW-BANKI) ... OK (21 signals) [2.3s]
[42/416] GPW:SAN (GPW-BANKI) ... OK (21 signals) [2.2s]
[43/416] GPW:UCG (GPW-BANKI) ... OK (21 signals) [2.3s]
[44/416] GPW:ATR (GPW-BUDOWNICTWO) ... OK (21 signals) [2.2s]
[45/416] GPW:BDX (GPW-BUDOWNICTWO) ... OK (21 signals) [2.3s]
[46/416] GPW:CPR (GPW-BUDOWNICTWO) ... OK (21 signals) [2.9s]
[47/416] GPW:DBE (GPW-BUDOWNICTWO) ... OK (21 signals) [2.1s]
[48/416] GPW:DCR (GPW-BUDOWNICTWO) ... OK (21 signals) [2.2s]
[49/416] GPW:DEK (GPW-BUDOWNICTWO) ... OK (21 signals) [2.4s]
[50/416] GPW:ELT (GPW-BUDOWNICTWO) ... OK (21 signals) [2.1s]
[51/416] GPW:EQU (GPW-BUDOWNICTWO) ... OK (21 signals) [1.6s]
[52/416] GPW:ERB (GPW-BUDOWNICTWO) ... OK (21 signals) [2.1s]
[53/416] GPW:FRO (GPW-BUDOWNICTWO) ... OK (21 signals) [2.1s]
[54/416] GPW:INK (GPW-BUDOWNICTWO) ... OK (21 signals) [2.7s]
[55/416] GPW:IZO (GPW-BUDOWNICTWO) ... OK (21 signals) [2.2s]
[56/416] GPW:LBT (GPW-BUDOWNICTWO) ... OK (21 signals) [2.0s]
[57/416] GPW:MCR (GPW-BUDOWNICTWO) ... OK (21 signals) [2.7s]
[58/416] GPW:MDI (GPW-BUDOWNICTWO) ... OK (21 signals) [2.1s]
[59/416] GPW:MFO (GPW-BUDOWNICTWO) ... OK (21 signals) [2.7s]
[60/416] GPW:MRB (GPW-BUDOWNICTWO) ... OK (21 signals) [2.2s]
[61/416] GPW:MSP (GPW-BUDOWNICTWO) ... OK (21 signals) [2.7s]
[62/416] GPW:MSW (GPW-BUDOWNICTWO) ... OK (21 signals) [2.0s]
[63/416] GPW:MSZ (GPW-BUDOWNICTWO) ... OK (21 signals) [2.3s]
[64/416] GPW:NVA (GPW-BUDOWNICTWO) ... OK (21 signals) [2.1s]
[65/416] GPW:PBX (GPW-BUDOWNICTWO) ... OK (21 signals) [2.2s]
[66/416] GPW:PJP (GPW-BUDOWNICTWO) ... OK (21 signals) [3.0s]
[67/416] GPW:PRM (GPW-BUDOWNICTWO) ... OK (21 signals) [2.1s]
[68/416] GPW:PXM (GPW-BUDOWNICTWO) ... OK (21 signals) [2.3s]
[69/416] GPW:RMK (GPW-BUDOWNICTWO) ... OK (21 signals) [2.1s]
[70/416] GPW:RPC (GPW-BUDOWNICTWO) ... OK (21 signals) [2.9s]
[71/416] GPW:SEL (GPW-BUDOWNICTWO) ... OK (21 signals) [2.7s]
[72/416] GPW:SKA (GPW-BUDOWNICTWO) ... OK (21 signals) [2.4s]
[73/416] GPW:TOR (GPW-BUDOWNICTWO) ... OK (21 signals) [3.0s]
[74/416] GPW:TSG (GPW-BUDOWNICTWO) ... OK (21 signals) [2.2s]
[75/416] GPW:ULM (GPW-BUDOWNICTWO) ... OK (21 signals) [2.8s]
[76/416] GPW:UNI (GPW-BUDOWNICTWO) ... OK (21 signals) [2.1s]
[77/416] GPW:ZUE (GPW-BUDOWNICTWO) ... OK (21 signals) [2.3s]
[78/416] GPW:ATT (GPW-CHEMIA) ... OK (21 signals) [2.5s]
[79/416] GPW:PCE (GPW-CHEMIA) ... OK (21 signals) [2.1s]
[80/416] GPW:PCR (GPW-CHEMIA) ... OK (21 signals) [2.7s]
[81/416] GPW:PWX (GPW-CHEMIA) ... OK (21 signals) [2.2s]
[82/416] GPW:CEZ (GPW-ENERGIA) ... OK (21 signals) [3.4s]
[83/416] GPW:CLC (GPW-ENERGIA) ... OK (21 signals) [2.0s]
[84/416] GPW:ECB (GPW-ENERGIA) ... OK (21 signals) [2.2s]
[85/416] GPW:ENA (GPW-ENERGIA) ... OK (21 signals) [2.1s]
[86/416] GPW:KGN (GPW-ENERGIA) ... OK (21 signals) [2.1s]
[87/416] GPW:MLS (GPW-ENERGIA) ... OK (21 signals) [2.0s]
[88/416] GPW:NVG (GPW-ENERGIA) ... OK (21 signals) [2.0s]
[89/416] GPW:OND (GPW-ENERGIA) ... OK (21 signals) [2.0s]
[90/416] GPW:PEN (GPW-ENERGIA) ... OK (21 signals) [2.0s]
[91/416] GPW:PEP (GPW-ENERGIA) ... OK (21 signals) [2.0s]
[92/416] GPW:PGE (GPW-ENERGIA) ... OK (21 signals) [2.0s]
[93/416] GPW:TPE (GPW-ENERGIA) ... OK (21 signals) [2.0s]
[94/416] GPW:ZEP (GPW-ENERGIA) ... OK (21 signals) [2.0s]
[95/416] GPW:GRX (GPW-GORNICTWO) ... OK (21 signals) [2.2s]
[96/416] GPW:JSW (GPW-GORNICTWO) ... OK (21 signals) [2.0s]
[97/416] GPW:KGH (GPW-GORNICTWO) ... OK (21 signals) [2.1s]
[98/416] GPW:LWB (GPW-GORNICTWO) ... OK (21 signals) [2.1s]
[99/416] GPW:ABS (GPW-INFORMATYKA) ... OK (21 signals) [2.0s]
[100/416] GPW:ACP (GPW-INFORMATYKA) ... OK (21 signals) [3.0s]
[101/416] GPW:ALL (GPW-INFORMATYKA) ... OK (21 signals) [3.2s]
[102/416] GPW:ASE (GPW-INFORMATYKA) ... OK (21 signals) [3.2s]
[103/416] GPW:ATD (GPW-INFORMATYKA) ... OK (21 signals) [2.7s]
[104/416] GPW:BCM (GPW-INFORMATYKA) ... OK (21 signals) [3.0s]
[105/416] GPW:CMP (GPW-INFORMATYKA) ... OK (21 signals) [2.7s]
[106/416] GPW:DAT (GPW-INFORMATYKA) ... OK (21 signals) [2.9s]
[107/416] GPW:DTR (GPW-INFORMATYKA) ... OK (21 signals) [3.3s]
[108/416] GPW:FAB (GPW-INFORMATYKA) ... OK (21 signals) [2.5s]
[109/416] GPW:IFI (GPW-INFORMATYKA) ... OK (21 signals) [2.6s]
[110/416] GPW:LSI (GPW-INFORMATYKA) ... OK (21 signals) [2.6s]
[111/416] GPW:NTT (GPW-INFORMATYKA) ... OK (21 signals) [2.5s]
[112/416] GPW:OPM (GPW-INFORMATYKA) ... OK (21 signals) [2.4s]
[113/416] GPW:PAS (GPW-INFORMATYKA) ... OK (21 signals) [2.4s]
[114/416] GPW:SGN (GPW-INFORMATYKA) ... OK (21 signals) [2.4s]
[115/416] GPW:SPR (GPW-INFORMATYKA) ... OK (21 signals) [2.4s]
[116/416] GPW:SVRS (GPW-INFORMATYKA) ... OK (21 signals) [2.3s]
[117/416] GPW:TLX (GPW-INFORMATYKA) ... OK (21 signals) [2.2s]
[118/416] GPW:TXT (GPW-INFORMATYKA) ... OK (21 signals) [3.0s]
[119/416] GPW:VRC (GPW-INFORMATYKA) ... OK (21 signals) [2.3s]
[120/416] GPW:WAS (GPW-INFORMATYKA) ... OK (21 signals) [2.5s]
[121/416] GPW:WPR (GPW-INFORMATYKA) ... OK (21 signals) [2.3s]
[122/416] GPW:XPL (GPW-INFORMATYKA) ... OK (21 signals) [2.5s]
[123/416] GPW:YAN (GPW-INFORMATYKA) ... OK (21 signals) [2.3s]
[124/416] GPW:YRL (GPW-INFORMATYKA) ... OK (21 signals) [2.3s]
[125/416] GPW:BIO (GPW-LEKI) ... OK (21 signals) [2.2s]
[126/416] GPW:CLN (GPW-LEKI) ... OK (21 signals) [2.6s]
[127/416] GPW:CRM (GPW-LEKI) ... OK (21 signals) [3.1s]
[128/416] GPW:KRK (GPW-LEKI) ... OK (21 signals) [3.2s]
[129/416] GPW:MAB (GPW-LEKI) ... OK (21 signals) [2.5s]
[130/416] GPW:PHR (GPW-LEKI) ... OK (21 signals) [2.5s]
[131/416] GPW:SPH (GPW-LEKI) ... OK (21 signals) [2.4s]
[132/416] GPW:SVE (GPW-LEKI) ... OK (21 signals) [2.4s]
[133/416] GPW:AGO (GPW-MEDIA) ... OK (21 signals) [2.5s]
[134/416] GPW:ATG (GPW-MEDIA) ... OK (21 signals) [3.0s]
[135/416] GPW:CPL (GPW-MEDIA) ... OK (21 signals) [2.4s]
[136/416] GPW:DIG (GPW-MEDIA) ... OK (21 signals) [3.4s]
[137/416] GPW:GPP (GPW-MEDIA) ... OK (21 signals) [2.5s]
[138/416] GPW:IMS (GPW-MEDIA) ... OK (21 signals) [3.1s]
[139/416] GPW:KCI (GPW-MEDIA) ... OK (21 signals) [2.4s]
[140/416] GPW:KPL (GPW-MEDIA) ... OK (21 signals) [2.4s]
[141/416] GPW:LRQ (GPW-MEDIA) ... OK (21 signals) [2.5s]
[142/416] GPW:MZA (GPW-MEDIA) ... OK (21 signals) [2.4s]
[143/416] GPW:PGM (GPW-MEDIA) ... OK (21 signals) [2.4s]
[144/416] GPW:PTW (GPW-MEDIA) ... OK (21 signals) [3.4s]
[145/416] GPW:WPL (GPW-MEDIA) ... OK (21 signals) [2.5s]
[146/416] GPW:ACG (GPW-MOTO) ... OK (21 signals) [2.5s]
[147/416] GPW:APR (GPW-MOTO) ... OK (21 signals) [3.0s]
[148/416] GPW:CAR (GPW-MOTO) ... OK (21 signals) [2.6s]
[149/416] GPW:SNK (GPW-MOTO) ... OK (21 signals) [3.2s]
[150/416] GPW:1AT (GPW-NIERUCHOMOSCI) ... OK (21 signals) [3.0s]
[151/416] GPW:AAT (GPW-NIERUCHOMOSCI) ... OK (21 signals) [2.4s]
[152/416] GPW:ARH (GPW-NIERUCHOMOSCI) ... OK (21 signals) [3.4s]
[153/416] GPW:BBD (GPW-NIERUCHOMOSCI) ... OK (21 signals) [2.4s]
[154/416] GPW:CAV (GPW-NIERUCHOMOSCI) ... OK (21 signals) [2.4s]
[155/416] GPW:DOM (GPW-NIERUCHOMOSCI) ... OK (21 signals) [2.5s]
[156/416] GPW:DVL (GPW-NIERUCHOMOSCI) ... OK (21 signals) [3.1s]
[157/416] GPW:ECH (GPW-NIERUCHOMOSCI) ... OK (21 signals) [3.2s]
[158/416] GPW:EKP (GPW-NIERUCHOMOSCI) ... OK (21 signals) [3.0s]
[159/416] GPW:GTC (GPW-NIERUCHOMOSCI) ... OK (21 signals) [2.4s]
[160/416] GPW:INP (GPW-NIERUCHOMOSCI) ... OK (21 signals) [2.5s]
[161/416] GPW:ITB (GPW-NIERUCHOMOSCI) ... OK (21 signals) [2.3s]
[162/416] GPW:LKD (GPW-NIERUCHOMOSCI) ... OK (21 signals) [3.0s]
[163/416] GPW:MLG (GPW-NIERUCHOMOSCI) ... OK (21 signals) [3.0s]
[164/416] GPW:MUR (GPW-NIERUCHOMOSCI) ... OK (21 signals) [2.6s]
[165/416] GPW:MVP (GPW-NIERUCHOMOSCI) ... OK (21 signals) [3.0s]
[166/416] GPW:PHN (GPW-NIERUCHOMOSCI) ... OK (21 signals) [2.5s]
[167/416] GPW:PLZ (GPW-NIERUCHOMOSCI) ... OK (21 signals) [4.5s]
[168/416] GPW:RNK (GPW-NIERUCHOMOSCI) ... OK (21 signals) [2.3s]
[169/416] GPW:WIK (GPW-NIERUCHOMOSCI) ... OK (21 signals) [2.3s]
[170/416] GPW:WXF (GPW-NIERUCHOMOSCI) ... OK (21 signals) [2.6s]
[171/416] GPW:4MS (GPW-ODZIEZ) ... OK (21 signals) [2.6s]
[172/416] GPW:CDL (GPW-ODZIEZ) ... OK (21 signals) [2.6s]
[173/416] GPW:EAH (GPW-ODZIEZ) ... OK (21 signals) [2.5s]
[174/416] GPW:HRP (GPW-ODZIEZ) ... OK (21 signals) [2.5s]
[175/416] GPW:IPO (GPW-ODZIEZ) ... OK (21 signals) [2.4s]
[176/416] GPW:LBW (GPW-ODZIEZ) ... OK (21 signals) [2.5s]
[177/416] GPW:LPP (GPW-ODZIEZ) ... OK (21 signals) [3.3s]
[178/416] GPW:MDV (GPW-ODZIEZ) ... OK (21 signals) [2.6s]
[179/416] GPW:MIR (GPW-ODZIEZ) ... OK (21 signals) [3.0s]
[180/416] GPW:MON (GPW-ODZIEZ) ... OK (21 signals) [2.6s]
[181/416] GPW:PRT (GPW-ODZIEZ) ... OK (21 signals) [2.5s]
[182/416] GPW:SFG (GPW-ODZIEZ) ... OK (21 signals) [2.4s]
[183/416] GPW:SNW (GPW-ODZIEZ) ... OK (21 signals) [3.0s]
[184/416] GPW:VRG (GPW-ODZIEZ) ... OK (21 signals) [2.6s]
[185/416] GPW:WTN (GPW-ODZIEZ) ... OK (21 signals) [2.6s]
[186/416] GPW:MOL (GPW-PALIWA) ... OK (21 signals) [3.0s]
[187/416] GPW:PKN (GPW-PALIWA) ... OK (21 signals) [3.5s]
[188/416] GPW:UNT (GPW-PALIWA) ... OK (21 signals) [2.4s]
[189/416] GPW:ATP (GPW-SPOZYWKA) ... OK (21 signals) [2.4s]
[190/416] GPW:HEL (GPW-SPOZYWKA) ... OK (21 signals) [2.3s]
[191/416] GPW:KVT (GPW-SPOZYWKA) ... OK (21 signals) [2.3s]
[192/416] GPW:MAK (GPW-SPOZYWKA) ... OK (21 signals) [2.5s]
[193/416] GPW:MBW (GPW-SPOZYWKA) ... OK (21 signals) [2.4s]
[194/416] GPW:OTM (GPW-SPOZYWKA) ... OK (21 signals) [2.4s]
[195/416] GPW:PPS (GPW-SPOZYWKA) ... OK (21 signals) [2.3s]
[196/416] GPW:SEK (GPW-SPOZYWKA) ... OK (21 signals) [2.5s]
[197/416] GPW:TAR (GPW-SPOZYWKA) ... OK (21 signals) [2.6s]
[198/416] GPW:WWL (GPW-SPOZYWKA) ... OK (21 signals) [3.0s]
[199/416] GPW:AGL (GPW-UKRAINA) ... OK (21 signals) [2.4s]
[200/416] GPW:AGT (GPW-UKRAINA) ... OK (21 signals) [2.8s]
[201/416] GPW:AST (GPW-UKRAINA) ... OK (21 signals) [3.1s]
[202/416] GPW:CLE (GPW-UKRAINA) ... OK (21 signals) [3.5s]
[203/416] GPW:IMC (GPW-UKRAINA) ... OK (21 signals) [2.8s]
[204/416] GPW:KER (GPW-UKRAINA) ... OK (21 signals) [3.7s]
[205/416] GPW:KSG (GPW-UKRAINA) ... OK (21 signals) [3.4s]
[206/416] GPW:MLK (GPW-UKRAINA) ... OK (21 signals) [2.3s]
[207/416] GPW:11B (WIG-GRY) ... OK (21 signals) [2.7s]
[208/416] GPW:3RG (WIG-GRY) ... OK (21 signals) [3.7s]
[209/416] GPW:ALG (WIG-GRY) ... OK (21 signals) [2.4s]
[210/416] GPW:ART (WIG-GRY) ... OK (21 signals) [2.6s]
[211/416] GPW:BBT (WIG-GRY) ... OK (21 signals) [2.8s]
[212/416] GPW:BCS (WIG-GRY) ... OK (21 signals) [2.8s]
[213/416] GPW:BLO (WIG-GRY) ... OK (21 signals) [2.6s]
[214/416] GPW:CDR (WIG-GRY) ... OK (21 signals) [3.2s]
[215/416] GPW:CIG (WIG-GRY) ... OK (21 signals) [3.6s]
[216/416] GPW:CRJ (WIG-GRY) ... OK (21 signals) [2.5s]
[217/416] GPW:DGE (WIG-GRY) ... OK (21 signals) [2.6s]
[218/416] GPW:GIF (WIG-GRY) ... OK (21 signals) [1.8s]
[219/416] GPW:GOP (WIG-GRY) ... OK (21 signals) [2.4s]
[220/416] GPW:HUG (WIG-GRY) ... OK (21 signals) [2.4s]
[221/416] GPW:MOV (WIG-GRY) ... OK (21 signals) [2.3s]
[222/416] GPW:PCF (WIG-GRY) ... OK (21 signals) [2.5s]
[223/416] GPW:PLW (WIG-GRY) ... OK (21 signals) [2.7s]
[224/416] GPW:RND (WIG-GRY) ... OK (21 signals) [2.5s]
[225/416] GPW:SIM (WIG-GRY) ... OK (21 signals) [1.7s]
[226/416] GPW:TEN (WIG-GRY) ... OK (21 signals) [2.1s]
[227/416] GPW:ULG (WIG-GRY) ... OK (21 signals) [2.0s]
[228/416] GPW:VVD (WIG-GRY) ... OK (21 signals) [2.0s]
[229/416] GPW:06N (OTHER) ... OK (21 signals) [2.7s]
[230/416] GPW:08N (OTHER) ... OK (21 signals) [2.4s]
[231/416] GPW:ABE (OTHER) ... OK (21 signals) [3.0s]
[232/416] GPW:ACT (OTHER) ... OK (21 signals) [2.5s]
[233/416] GPW:ADV (OTHER) ... OK (21 signals) [2.3s]
[234/416] GPW:ALE (OTHER) ... OK (21 signals) [2.0s]
[235/416] GPW:ALI (OTHER) ... OK (21 signals) [3.2s]
[236/416] GPW:AMB (OTHER) ... OK (21 signals) [3.0s]
[237/416] GPW:AMC (OTHER) ... OK (21 signals) [2.9s]
[238/416] GPW:ANR (OTHER) ... OK (21 signals) [2.8s]
[239/416] GPW:APE (OTHER) ... OK (21 signals) [2.7s]
[240/416] GPW:APL (OTHER) ... OK (21 signals) [2.5s]
[241/416] GPW:APN (OTHER) ... OK (21 signals) [2.8s]
[242/416] GPW:APT (OTHER) ... OK (21 signals) [4.7s]
[243/416] GPW:ASB (OTHER) ... OK (21 signals) [2.8s]
[244/416] GPW:ASM (OTHER) ... OK (21 signals) [3.9s]
[245/416] GPW:ATC (OTHER) ... OK (21 signals) [2.8s]
[246/416] GPW:ATS (OTHER) ... OK (21 signals) [3.0s]
[247/416] GPW:AWM (OTHER) ... OK (21 signals) [2.4s]
[248/416] GPW:BCX (OTHER) ... OK (21 signals) [2.6s]
[249/416] GPW:BFT (OTHER) ... OK (21 signals) [3.0s]
[250/416] GPW:BIP (OTHER) ... OK (21 signals) [2.7s]
[251/416] GPW:BMC (OTHER) ... OK (21 signals) [3.6s]
[252/416] GPW:BMX (OTHER) ... OK (21 signals) [2.8s]
[253/416] GPW:BOW (OTHER) ... OK (21 signals) [3.2s]
[254/416] GPW:BRS (OTHER) ... OK (21 signals) [3.3s]
[255/416] GPW:BST (OTHER) ... OK (21 signals) [3.8s]
[256/416] GPW:CAP (OTHER) ... OK (21 signals) [2.5s]
[257/416] GPW:CBF (OTHER) ... OK (21 signals) [2.8s]
[258/416] GPW:CCE (OTHER) ... OK (21 signals) [2.7s]
[259/416] GPW:CFI (OTHER) ... OK (21 signals) [2.5s]
[260/416] GPW:CLD (OTHER) ... OK (21 signals) [2.7s]
[261/416] GPW:COG (OTHER) ... OK (21 signals) [2.5s]
[262/416] GPW:CPA (OTHER) ... FAIL (timeout (last={'symbol': 'GPW:BDF', 'statusType': 2, 'ready': True, 'rows': [['', ''], ['sig', 'perf 46 14.2'], ['et3sb', '41.7% (10/24) 7.4% 0'], ['et4sb', '-'], ['et1YHsb', '62.5% (5/8) -1.6% 0'], ['rmv1', '34.8% (24/69) 2.3% 0'], ['rmv2', '37.3% (22/59) 3.9% 0'], ['rmv3', '29.2% (7/24) -3% 0'], ['etc1sb', '33.3% (4/12) 2.6% 0'], ['etc2sb', '38.5% (5/13) 3.7% 0'], ['etc3sb', '50% (4/8) 3.9% 0'], ['obvDiv', '50% (2/4) 4.2% 0'], ['mtsb', '45% (9/20) 7.7% 0'], ['mtc1sb', '54.5% (6/11) 4.3% 0'], ['mtc2sb', '50% (4/8) 5.8% 0'], ['mtc3sb', '33.3% (2/6) -0.7% 0'], ['rag-pb', '24.3% (18/74) -3.2% 0'], ['WON:hp-sb', '-'], ['WON:turnUp', '0% (0/1) -7.6% 0'], ['ridingVwapTAG', '0% (0/5) -5.3% 0'], ['CapLow', '0% (0/4) -5.3% 0'], ['FlatB', '66.7% (6/9) 38.3% 436'], ['vip', '0% (0/3) -5.2% 0']]})) [20.3s]
[263/416] GPW:CPD (OTHER) ... OK (21 signals) [2.2s]
[264/416] GPW:CPS (OTHER) ... OK (21 signals) [2.0s]
[265/416] GPW:CRI (OTHER) ... OK (21 signals) [1.4s]
[266/416] GPW:CSR (OTHER) ... OK (21 signals) [1.4s]
[267/416] GPW:CTS (OTHER) ... OK (21 signals) [2.0s]
[268/416] GPW:CTX (OTHER) ... OK (21 signals) [2.0s]
[269/416] GPW:CZT (OTHER) ... OK (21 signals) [2.0s]
[270/416] GPW:DAD (OTHER) ... OK (21 signals) [2.0s]
[271/416] GPW:DBC (OTHER) ... OK (21 signals) [2.1s]
[272/416] GPW:DEL (OTHER) ... OK (21 signals) [2.0s]
[273/416] GPW:DGA (OTHER) ... OK (21 signals) [2.6s]
[274/416] GPW:DIA (OTHER) ... OK (21 signals) [1.5s]
[275/416] GPW:DMG (OTHER) ... OK (21 signals) [2.0s]
[276/416] GPW:DNP (OTHER) ... OK (21 signals) [2.0s]
[277/416] GPW:EAT (OTHER) ... OK (21 signals) [2.0s]
[278/416] GPW:EDI (OTHER) ... OK (21 signals) [2.1s]
[279/416] GPW:EEX (OTHER) ... OK (21 signals) [2.0s]
[280/416] GPW:EFK (OTHER) ... OK (21 signals) [2.1s]
[281/416] GPW:EHG (OTHER) ... OK (21 signals) [2.0s]
[282/416] GPW:ENE (OTHER) ... OK (21 signals) [2.1s]
[283/416] GPW:ENI (OTHER) ... OK (21 signals) [2.0s]
[284/416] GPW:ENP (OTHER) ... OK (21 signals) [2.0s]
[285/416] GPW:ENT (OTHER) ... OK (21 signals) [2.0s]
[286/416] GPW:ERG (OTHER) ... OK (21 signals) [2.1s]
[287/416] GPW:ETL (OTHER) ... OK (21 signals) [2.1s]
[288/416] GPW:EUC (OTHER) ... OK (21 signals) [2.0s]
[289/416] GPW:EUR (OTHER) ... OK (21 signals) [2.0s]
[290/416] GPW:FEE (OTHER) ... OK (21 signals) [2.0s]
[291/416] GPW:FFI (OTHER) ... OK (21 signals) [2.0s]
[292/416] GPW:FMG (OTHER) ... OK (21 signals) [2.0s]
[293/416] GPW:FON (OTHER) ... OK (21 signals) [2.2s]
[294/416] GPW:FSG (OTHER) ... OK (21 signals) [1.9s]
[295/416] GPW:FTE (OTHER) ... OK (21 signals) [2.0s]
[296/416] GPW:GKI (OTHER) ... OK (21 signals) [2.0s]
[297/416] GPW:GMT (OTHER) ... OK (21 signals) [2.3s]
[298/416] GPW:GOB (OTHER) ... OK (21 signals) [2.0s]
[299/416] GPW:GPW (OTHER) ... OK (21 signals) [2.0s]
[300/416] GPW:GRN (OTHER) ... OK (21 signals) [2.0s]
[301/416] GPW:HDR (OTHER) ... OK (21 signals) [2.0s]
[302/416] GPW:HRS (OTHER) ... OK (21 signals) [2.0s]
[303/416] GPW:IBS (OTHER) ... OK (21 signals) [2.0s]
[304/416] GPW:ICE (OTHER) ... OK (21 signals) [2.0s]
[305/416] GPW:IDG (OTHER) ... OK (21 signals) [2.1s]
[306/416] GPW:IDM (OTHER) ... OK (21 signals) [2.0s]
[307/416] GPW:IFC (OTHER) ... OK (21 signals) [2.0s]
[308/416] GPW:IFR (OTHER) ... OK (21 signals) [2.0s]
[309/416] GPW:IMP (OTHER) ... OK (21 signals) [2.0s]
[310/416] GPW:INC (OTHER) ... OK (21 signals) [2.0s]
[311/416] GPW:INL (OTHER) ... OK (21 signals) [2.1s]
[312/416] GPW:INPT (OTHER) ... OK (21 signals) [2.0s]
[313/416] GPW:IPE (OTHER) ... OK (21 signals) [2.0s]
[314/416] GPW:IZB (OTHER) ... OK (21 signals) [2.0s]
[315/416] GPW:IZS (OTHER) ... OK (21 signals) [2.0s]
[316/416] GPW:JRH (OTHER) ... OK (21 signals) [2.0s]
[317/416] GPW:JWW (OTHER) ... OK (21 signals) [2.0s]
[318/416] GPW:KCH (OTHER) ... OK (21 signals) [2.0s]
[319/416] GPW:KGL (OTHER) ... OK (21 signals) [2.0s]
[320/416] GPW:KMP (OTHER) ... OK (21 signals) [2.0s]
[321/416] GPW:KOM (OTHER) ... OK (21 signals) [2.1s]
[322/416] GPW:KPD (OTHER) ... OK (21 signals) [2.0s]
[323/416] GPW:KRU (OTHER) ... OK (21 signals) [2.0s]
[324/416] GPW:KTY (OTHER) ... OK (21 signals) [2.0s]
[325/416] GPW:LEN (OTHER) ... OK (21 signals) [2.0s]
[326/416] GPW:LES (OTHER) ... OK (21 signals) [2.0s]
[327/416] GPW:LTX (OTHER) ... OK (21 signals) [2.0s]
[328/416] GPW:MAN (OTHER) ... OK (21 signals) [2.0s]
[329/416] GPW:MBR (OTHER) ... OK (21 signals) [1.4s]
[330/416] GPW:MCI (OTHER) ... OK (21 signals) [2.0s]
[331/416] GPW:MDG (OTHER) ... OK (21 signals) [2.4s]
[332/416] GPW:MEG (OTHER) ... OK (21 signals) [2.1s]
[333/416] GPW:MEX (OTHER) ... OK (21 signals) [2.0s]
[334/416] GPW:MGT (OTHER) ... OK (21 signals) [2.0s]
[335/416] GPW:MNC (OTHER) ... OK (21 signals) [2.1s]
[336/416] GPW:MOC (OTHER) ... OK (21 signals) [2.0s]
[337/416] GPW:MRC (OTHER) ... OK (21 signals) [2.1s]
[338/416] GPW:MWT (OTHER) ... OK (21 signals) [2.0s]
[339/416] GPW:MXC (OTHER) ... OK (21 signals) [2.1s]
[340/416] GPW:NCL (OTHER) ... OK (21 signals) [2.0s]
[341/416] GPW:NEU (OTHER) ... OK (21 signals) [2.0s]
[342/416] GPW:NNG (OTHER) ... OK (21 signals) [2.1s]
[343/416] GPW:NTC (OTHER) ... OK (21 signals) [2.0s]
[344/416] GPW:NTU (OTHER) ... OK (21 signals) [2.6s]
[345/416] GPW:NVT (OTHER) ... OK (21 signals) [2.1s]
[346/416] GPW:NWG (OTHER) ... OK (21 signals) [2.1s]
[347/416] GPW:NXG (OTHER) ... OK (21 signals) [2.0s]
[348/416] GPW:OBL (OTHER) ... OK (21 signals) [2.0s]
[349/416] GPW:ODL (OTHER) ... OK (21 signals) [2.0s]
[350/416] GPW:ONO (OTHER) ... OK (21 signals) [2.0s]
[351/416] GPW:OPG (OTHER) ... OK (21 signals) [2.0s]
[352/416] GPW:OPL (OTHER) ... OK (21 signals) [2.0s]
[353/416] GPW:OPN (OTHER) ... OK (21 signals) [1.4s]
[354/416] GPW:OTS (OTHER) ... OK (21 signals) [2.0s]
[355/416] GPW:PAT (OTHER) ... OK (21 signals) [2.0s]
[356/416] GPW:PBF (OTHER) ... OK (21 signals) [2.0s]
[357/416] GPW:PCO (OTHER) ... OK (21 signals) [2.0s]
[358/416] GPW:PCX (OTHER) ... OK (21 signals) [2.0s]
[359/416] GPW:PGV (OTHER) ... OK (21 signals) [2.0s]
[360/416] GPW:PKP (OTHER) ... OK (21 signals) [2.0s]
[361/416] GPW:PMA (OTHER) ... OK (21 signals) [2.3s]
[362/416] GPW:PRI (OTHER) ... OK (21 signals) [2.0s]
[363/416] GPW:PTG (OTHER) ... OK (21 signals) [2.0s]
[364/416] GPW:PUR (OTHER) ... FAIL (timeout (last={'symbol': 'GPW:MQR', 'statusType': 2, 'ready': True, 'rows': [['', ''], ['sig', 'perf 46 10.5'], ['et3sb', '37.5% (3/8) 15.8% 0'], ['et4sb', '9.1% (1/11) -4.2% 0'], ['et1YHsb', '0% (0/3) -8% 0'], ['rmv1', '22.9% (8/35) 8.2% 0'], ['rmv2', '17.4% (4/23) 2.6% 0'], ['rmv3', '14.3% (2/14) -3.8% 0'], ['etc1sb', '11.1% (1/9) -3.4% 0'], ['etc2sb', '0% (0/8) -8% 0'], ['etc3sb', '37.5% (3/8) 15.8% 0'], ['obvDiv', '0% (0/2) -8% 0'], ['mtsb', '0% (0/1) -8% 0'], ['mtc1sb', '-'], ['mtc2sb', '-'], ['mtc3sb', '0% (0/1) -8% 0'], ['rag-pb', '0% (0/4) -7.3% 0'], ['WON:hp-sb', '-'], ['WON:turnUp', '0% (0/7) -7.1% 0'], ['ridingVwapTAG', '-'], ['CapLow', '0% (0/3) -8% 0'], ['FlatB', '0% (0/2) -8% 0'], ['vip', '0% (0/1) -8% 0']]})) [20.4s]
[365/416] GPW:PZU (OTHER) ... OK (21 signals) [4.3s]
[366/416] GPW:QNT (OTHER) ... OK (21 signals) [3.5s]
[367/416] GPW:QRS (OTHER) ... OK (21 signals) [3.2s]
[368/416] GPW:RAF (OTHER) ... OK (21 signals) [3.0s]
[369/416] GPW:RBW (OTHER) ... OK (21 signals) [3.6s]
[370/416] GPW:RDN (OTHER) ... OK (21 signals) [3.2s]
[371/416] GPW:REG (OTHER) ... OK (21 signals) [2.6s]
[372/416] GPW:RLP (OTHER) ... OK (21 signals) [3.0s]
[373/416] GPW:RNC (OTHER) ... OK (21 signals) [2.7s]
[374/416] GPW:RVU (OTHER) ... OK (21 signals) [3.4s]
[375/416] GPW:RWL (OTHER) ... OK (21 signals) [2.6s]
[376/416] GPW:SCP (OTHER) ... OK (21 signals) [3.6s]
[377/416] GPW:SFS (OTHER) ... OK (21 signals) [3.7s]
[378/416] GPW:SHD (OTHER) ... OK (21 signals) [2.8s]
[379/416] GPW:SKH (OTHER) ... OK (21 signals) [2.7s]
[380/416] GPW:SKL (OTHER) ... OK (21 signals) [2.5s]
[381/416] GPW:SLV (OTHER) ... OK (21 signals) [3.9s]
[382/416] GPW:SNT (OTHER) ... OK (21 signals) [3.2s]
[383/416] GPW:SNX (OTHER) ... OK (21 signals) [4.0s]
[384/416] GPW:SON (OTHER) ... OK (21 signals) [3.5s]
[385/416] GPW:STF (OTHER) ... OK (21 signals) [3.6s]
[386/416] GPW:STP (OTHER) ... OK (21 signals) [3.3s]
[387/416] GPW:STX (OTHER) ... OK (21 signals) [2.7s]
[388/416] GPW:SWG (OTHER) ... OK (21 signals) [2.0s]
[389/416] GPW:TBL (OTHER) ... OK (21 signals) [2.1s]
[390/416] GPW:THG (OTHER) ... OK (21 signals) [2.1s]
[391/416] GPW:TMR (OTHER) ... OK (21 signals) [2.1s]
[392/416] GPW:TOA (OTHER) ... OK (21 signals) [2.1s]
[393/416] GPW:TOW (OTHER) ... OK (21 signals) [2.1s]
[394/416] GPW:TRI (OTHER) ... OK (21 signals) [2.0s]
[395/416] GPW:TRK (OTHER) ... OK (21 signals) [2.0s]
[396/416] GPW:TRN (OTHER) ... OK (21 signals) [2.0s]
[397/416] GPW:TRR (OTHER) ... OK (21 signals) [1.9s]
[398/416] GPW:UNF (OTHER) ... OK (21 signals) [2.0s]
[399/416] GPW:URT (OTHER) ... OK (21 signals) [2.0s]
[400/416] GPW:VGO (OTHER) ... OK (21 signals) [2.0s]
[401/416] GPW:VIN (OTHER) ... OK (21 signals) [2.0s]
[402/416] GPW:VOT (OTHER) ... OK (21 signals) [2.0s]
[403/416] GPW:VOX (OTHER) ... OK (21 signals) [2.1s]
[404/416] GPW:WLT (OTHER) ... OK (21 signals) [2.1s]
[405/416] GPW:XTB (OTHER) ... OK (21 signals) [2.0s]
[406/416] GPW:XTP (OTHER) ... OK (21 signals) [1.3s]
[407/416] GPW:ZAB (OTHER) ... OK (21 signals) [1.9s]
[408/416] GPW:ZAP (OTHER) ... OK (21 signals) [1.9s]
[409/416] GPW:ZMT (OTHER) ... OK (21 signals) [2.0s]
[410/416] GPW:ZRE (OTHER) ... OK (21 signals) [1.9s]
[411/416] GPW:ZUK (OTHER) ... OK (21 signals) [1.9s]
[412/416] GPW:CRQ (OTHER) ... OK (21 signals) [1.3s]
[413/416] GPW:BDF (OTHER) ... OK (21 signals) [1.4s]
[414/416] GPW:GNS (OTHER) ... OK (21 signals) [1.3s]
[415/416] GPW:OML (OTHER) ... OK (21 signals) [1.9s]
[416/416] GPW:SCW (OTHER) ... OK (21 signals) [1.9s]

[done] processed=416 ok=414 fail=2
[done] CSV: C:\daniel\_workspace\github\TradingView\analysis\GPW_NC_ETSB_20261009.csv
